0:	load
1:	mov acc
2:	case 0	--> 7 [10]
3:	case 1	--> 8 [12]
4:	case 2	--> 9 [14]
5:	case 3	--> 10 [16]
6:	case 4	--> 11 [18]
7:	case 5	--> 12 [20]
8:	case 6	--> 13 [22]
9:	halt (0)
10:	mov bool
11:	jmp	--> 11 [23]
12:	mov int
13:	jmp	--> 9 [23]
14:	mov long
15:	jmp	--> 7 [23]
16:	mov float
17:	jmp	--> 5 [23]
18:	mov double
19:	jmp	--> 3 [23]
20:	mov string
21:	jmp	--> 1 [23]
22:	mov bytes
23:	ret
err 0:	invalid index for union
